Context has 2 frames
java/lang/ClassContextTest
java/lang/ClassContextTest
