6
4
Initializing A
Initializing B
Constructing A
Done initializing B
Constructing B
Done initializing A
Constructing A
Constructing B
