copy(1, 2, -1)
Bad byte
Bad short
Bad int
Bad long
copy(1, 2, 0)
0
1
2
3
4
5
1000
1101
1202
1303
1404
1505
1000000
1100001
1200002
1300003
1400004
1500005
1000000000000
1100000000001
1200000000002
1300000000003
1400000000004
1500000000005
copy(1, 2, 1)
0
1
1
3
4
5
1000
1101
1101
1303
1404
1505
1000000
1100001
1100001
1300003
1400004
1500005
1000000000000
1100000000001
1100000000001
1300000000003
1400000000004
1500000000005
copy(1, 2, 3)
0
1
1
2
3
5
1000
1101
1101
1202
1303
1505
1000000
1100001
1100001
1200002
1300003
1500005
1000000000000
1100000000001
1100000000001
1200000000002
1300000000003
1500000000005
copy(2, 1, -1)
Bad byte
Bad short
Bad int
Bad long
copy(2, 1, 0)
0
1
2
3
4
5
1000
1101
1202
1303
1404
1505
1000000
1100001
1200002
1300003
1400004
1500005
1000000000000
1100000000001
1200000000002
1300000000003
1400000000004
1500000000005
copy(2, 1, 1)
0
2
2
3
4
5
1000
1202
1202
1303
1404
1505
1000000
1200002
1200002
1300003
1400004
1500005
1000000000000
1200000000002
1200000000002
1300000000003
1400000000004
1500000000005
copy(2, 1, 3)
0
2
3
4
4
5
1000
1202
1303
1404
1404
1505
1000000
1200002
1300003
1400004
1400004
1500005
1000000000000
1200000000002
1300000000003
1400000000004
1400000000004
1500000000005
copy(1, -1, 1)
Bad byte
Bad short
Bad int
Bad long
copy(1, 6, 1)
Bad byte
Bad short
Bad int
Bad long
copy(-1, 1, 1)
Bad byte
Bad short
Bad int
Bad long
copy(6, 1, 1)
Bad byte
Bad short
Bad int
Bad long
copy(0, 5, 1)
0
1
2
3
4
0
1000
1101
1202
1303
1404
1000
1000000
1100001
1200002
1300003
1400004
1000000
1000000000000
1100000000001
1200000000002
1300000000003
1400000000004
1000000000000
copy(5, 0, 1)
5
1
2
3
4
5
1505
1101
1202
1303
1404
1505
1500005
1100001
1200002
1300003
1400004
1500005
1500000000005
1100000000001
1200000000002
1300000000003
1400000000004
1500000000005
ArrayStoreException
ArrayStoreException
ArrayStoreException
null
str2
str3
ArrayStoreException
str1
null
str3
