201
301
302
303
206
104
203
304
307
308
205
305
306
203
305
306
203
305
307
308
205
203
304
201
301
302
303
206
104
