Starting consumer threads ...
Starting producer threads ...
Results OK
