1
Not two or three
Not 2 or 102
Not 3, 103, or -1000000003
2
Two
Two again
Not 3, 103, or -1000000003
3
Three
Not 2 or 102
Three again
4
Not two or three
Not 2 or 102
Not 3, 103, or -1000000003
100
Not two or three
Not 2 or 102
Not 3, 103, or -1000000003
102
Not two or three
One hundred and two
Not 3, 103, or -1000000003
103
Not two or three
Not 2 or 102
One hundred and three
1000
Not two or three
Not 2 or 102
Not 3, 103, or -1000000003
-1000000003
Not two or three
Not 2 or 102
Minus one billion and three
