Begin Tests
 Passed  'subTest1'
 Passed  'subTest2'
 Passed  'subTest3'
 Passed  'subTest4'
 Passed  'switchTestAll'
 Passed  'switchTestNeg'
 Passed  'switchLong1'
 Passed  'switchLong2'
 Passed  'switchLong3'
 Passed  'switchLong4'
 Passed  'excTestSingleLocalThrowLocalCatch'
 Passed  'excTestSingleLocalThrowLocalCatch'
 Passed  'excTestMultiRemoteThrowRemoteCatch'
 Passed  'excTestMultiLocalThrowLocalCatch'
 Passed  'excTestMultiRemoteThrowLocalCatch'
 Passed  'ComplexCatchTrue'
 Passed  'ComplexCatchFalse'
 Passed  'Long Comparison Test: 34 > 23'
 Passed  'Long Comparison Test: 34 > 23'
 Passed  'Long Comparison Test: 0x55 < 0x77'
 Passed  'Long Comparison Test: 98 == 98'
 Passed  'Long Comparison Test: 1234 > 6'
 Passed  'Long Comparison Test: a < b'
 Passed  'Long Comparison Test: a == b'
 Passed  'Long Comparison Test: a > b '
 Passed  'cmpLongSimple'
 Passed  'cmpIntSimple'
 Passed  'convertToLong1'
 Passed  'convertToLong2'
 Passed  'convertToLong3'
 Passed  'convertToLong4'
 Passed  'convertToIntTest1'
 Passed  'convertToIntTest2'
 Passed  'convertToIntTest3'
 Passed  'convertToIntTest4'
 Passed  'convertHarness'
 Passed  'simpleByteTest.float with 9'
 Passed  'simpleByteTest.double with 9'
 Passed  'simpleByteTest.float with 9'
 Passed  'simpleByteTest.double with 9'
 Passed  'longAddTest0'
 Passed  'longAddTest1'
 Passed  'longAddTest2'
 Passed  'longAddTest3'
 Passed  'longOrTest0'
 Passed  'longOrTest1'
 Passed  'longOrTest2'
 Passed  'longOrTest3'
 Passed  'longStoreTest'
 Passed  'longToHexStringTest'
 Passed  'simpleLongStoreTest'
 Passed  'sillyLongConstTest'
 Passed  'Long Multiply'
 Passed  'cmpTestsIntegers1'
 Passed  'cmpTestsIntegers2'
 Passed  'cmpTestsIntegers3'
 Passed  'cmpTestsIntegers4'
 Passed  'cmpTestArray1'
 Passed  'cmpTestArray2'
 Passed  'cmpTestArray3'
 Passed  'cmpTestArray4'
 Passed  'testNullPointerException'
 Passed  'testNegativeArraySizeException'
 Passed  'testIndexOutOfBoundsException1'
 Passed  'testIndexOutOfBoundsException2'
 Passed  'testArrayAccessExceptions'
 Passed  'orderTest'
 Passed  'instanceTest'
 Passed  'negTestHarness'
 Passed  'div 12/3'
 Passed  'div 12/12'
 Passed  'div 12/-1'
 Passed  'div 110/10'
 Passed  'divTestHarness'
 Passed  'mod1'
 Passed  'mod2'
 Passed  'mod3'
 Passed  'mod4'
 Passed  'modTestHarness'
 Passed  'divModTest 123/5'
 Passed  'divModTest 45/12'
 Passed  'divModTest 13/14'
 Passed  'divModTest 0/3'
 Passed  'divModSumTestHarness'
 Passed  'divModTestHarness'
 Passed  'sieveTest'
 Passed  'testHardwareExceptions'
 Passed  'charForDigitTestSimple'
 Passed  'charForDigitTest0'
 Passed  'charForDigitTest1'
 Passed  'charForDigitTest2'
 Passed  'charForDigitTest3'
 Passed  'mytoHexTest0'
 Passed  'mytoHexTesta'
 Passed  'mytoHexTestdeadbeef'
 Passed  'mytoHexTestffffffff'
 Passed  'simplehextest1'
 Passed  'simplehextest2'
 Passed  'simplehextest3'
 Passed  'integerHexTest1'
 Passed  'integerHexTest1'
 Passed  'integerHexTest1'
 Passed  'JCKlsub00401'
 Passed  'nestedTry0'
 Passed  'nestedTry1'
 Passed  'nestedTry2'
 Passed  'nestedTry3'
 Passed  'nestedTry4'
 Passed  'nestedTry5'
 Passed  'nestedTry6'
 Passed  'nestedTry7'
 Passed  'nestedTry-1'
 Passed  'nestedTry10'
End Tests
