Move a disc from peg a to peg b
Move a disc from peg a to peg c
Move a disc from peg b to peg c
Move a disc from peg a to peg b
Move a disc from peg c to peg a
Move a disc from peg c to peg b
Move a disc from peg a to peg b
Move a disc from peg a to peg c
Move a disc from peg b to peg c
Move a disc from peg b to peg a
Move a disc from peg c to peg a
Move a disc from peg b to peg c
Move a disc from peg a to peg b
Move a disc from peg a to peg c
Move a disc from peg b to peg c
Move a disc from peg a to peg b
Move a disc from peg c to peg a
Move a disc from peg c to peg b
Move a disc from peg a to peg b
Move a disc from peg c to peg a
Move a disc from peg b to peg c
Move a disc from peg b to peg a
Move a disc from peg c to peg a
Move a disc from peg c to peg b
Move a disc from peg a to peg b
Move a disc from peg a to peg c
Move a disc from peg b to peg c
Move a disc from peg a to peg b
Move a disc from peg c to peg a
Move a disc from peg c to peg b
Move a disc from peg a to peg b
Move a disc from peg a to peg c
Move a disc from peg b to peg c
Move a disc from peg b to peg a
Move a disc from peg c to peg a
Move a disc from peg b to peg c
Move a disc from peg a to peg b
Move a disc from peg a to peg c
Move a disc from peg b to peg c
Move a disc from peg b to peg a
Move a disc from peg c to peg a
Move a disc from peg c to peg b
Move a disc from peg a to peg b
Move a disc from peg c to peg a
Move a disc from peg b to peg c
Move a disc from peg b to peg a
Move a disc from peg c to peg a
Move a disc from peg b to peg c
Move a disc from peg a to peg b
Move a disc from peg a to peg c
Move a disc from peg b to peg c
Move a disc from peg a to peg b
Move a disc from peg c to peg a
Move a disc from peg c to peg b
Move a disc from peg a to peg b
Move a disc from peg a to peg c
Move a disc from peg b to peg c
Move a disc from peg b to peg a
Move a disc from peg c to peg a
Move a disc from peg b to peg c
Move a disc from peg a to peg b
Move a disc from peg a to peg c
Move a disc from peg b to peg c
Move a disc from peg a to peg b
Move a disc from peg c to peg a
Move a disc from peg c to peg b
Move a disc from peg a to peg b
Move a disc from peg c to peg a
Move a disc from peg b to peg c
Move a disc from peg b to peg a
Move a disc from peg c to peg a
Move a disc from peg c to peg b
Move a disc from peg a to peg b
Move a disc from peg a to peg c
Move a disc from peg b to peg c
Move a disc from peg a to peg b
Move a disc from peg c to peg a
Move a disc from peg c to peg b
Move a disc from peg a to peg b
Move a disc from peg c to peg a
Move a disc from peg b to peg c
Move a disc from peg b to peg a
Move a disc from peg c to peg a
Move a disc from peg b to peg c
Move a disc from peg a to peg b
Move a disc from peg a to peg c
Move a disc from peg b to peg c
Move a disc from peg b to peg a
Move a disc from peg c to peg a
Move a disc from peg c to peg b
Move a disc from peg a to peg b
Move a disc from peg c to peg a
Move a disc from peg b to peg c
Move a disc from peg b to peg a
Move a disc from peg c to peg a
Move a disc from peg c to peg b
Move a disc from peg a to peg b
Move a disc from peg a to peg c
Move a disc from peg b to peg c
Move a disc from peg a to peg b
Move a disc from peg c to peg a
Move a disc from peg c to peg b
Move a disc from peg a to peg b
Move a disc from peg a to peg c
Move a disc from peg b to peg c
Move a disc from peg b to peg a
Move a disc from peg c to peg a
Move a disc from peg b to peg c
Move a disc from peg a to peg b
Move a disc from peg a to peg c
Move a disc from peg b to peg c
Move a disc from peg a to peg b
Move a disc from peg c to peg a
Move a disc from peg c to peg b
Move a disc from peg a to peg b
Move a disc from peg c to peg a
Move a disc from peg b to peg c
Move a disc from peg b to peg a
Move a disc from peg c to peg a
Move a disc from peg c to peg b
Move a disc from peg a to peg b
Move a disc from peg a to peg c
Move a disc from peg b to peg c
Move a disc from peg a to peg b
Move a disc from peg c to peg a
Move a disc from peg c to peg b
Move a disc from peg a to peg b
Move a disc from peg a to peg c
Move a disc from peg b to peg c
Move a disc from peg b to peg a
Move a disc from peg c to peg a
Move a disc from peg b to peg c
Move a disc from peg a to peg b
Move a disc from peg a to peg c
Move a disc from peg b to peg c
Move a disc from peg b to peg a
Move a disc from peg c to peg a
Move a disc from peg c to peg b
Move a disc from peg a to peg b
Move a disc from peg c to peg a
Move a disc from peg b to peg c
Move a disc from peg b to peg a
Move a disc from peg c to peg a
Move a disc from peg b to peg c
Move a disc from peg a to peg b
Move a disc from peg a to peg c
Move a disc from peg b to peg c
Move a disc from peg a to peg b
Move a disc from peg c to peg a
Move a disc from peg c to peg b
Move a disc from peg a to peg b
Move a disc from peg a to peg c
Move a disc from peg b to peg c
Move a disc from peg b to peg a
Move a disc from peg c to peg a
Move a disc from peg b to peg c
Move a disc from peg a to peg b
Move a disc from peg a to peg c
Move a disc from peg b to peg c
Move a disc from peg b to peg a
Move a disc from peg c to peg a
Move a disc from peg c to peg b
Move a disc from peg a to peg b
Move a disc from peg c to peg a
Move a disc from peg b to peg c
Move a disc from peg b to peg a
Move a disc from peg c to peg a
Move a disc from peg c to peg b
Move a disc from peg a to peg b
Move a disc from peg a to peg c
Move a disc from peg b to peg c
Move a disc from peg a to peg b
Move a disc from peg c to peg a
Move a disc from peg c to peg b
Move a disc from peg a to peg b
Move a disc from peg c to peg a
Move a disc from peg b to peg c
Move a disc from peg b to peg a
Move a disc from peg c to peg a
Move a disc from peg b to peg c
Move a disc from peg a to peg b
Move a disc from peg a to peg c
Move a disc from peg b to peg c
Move a disc from peg b to peg a
Move a disc from peg c to peg a
Move a disc from peg c to peg b
Move a disc from peg a to peg b
Move a disc from peg c to peg a
Move a disc from peg b to peg c
Move a disc from peg b to peg a
Move a disc from peg c to peg a
Move a disc from peg b to peg c
Move a disc from peg a to peg b
Move a disc from peg a to peg c
Move a disc from peg b to peg c
Move a disc from peg a to peg b
Move a disc from peg c to peg a
Move a disc from peg c to peg b
Move a disc from peg a to peg b
Move a disc from peg a to peg c
Move a disc from peg b to peg c
Move a disc from peg b to peg a
Move a disc from peg c to peg a
Move a disc from peg b to peg c
Move a disc from peg a to peg b
Move a disc from peg a to peg c
Move a disc from peg b to peg c
Move a disc from peg a to peg b
Move a disc from peg c to peg a
Move a disc from peg c to peg b
Move a disc from peg a to peg b
Move a disc from peg c to peg a
Move a disc from peg b to peg c
Move a disc from peg b to peg a
Move a disc from peg c to peg a
Move a disc from peg c to peg b
Move a disc from peg a to peg b
Move a disc from peg a to peg c
Move a disc from peg b to peg c
Move a disc from peg a to peg b
Move a disc from peg c to peg a
Move a disc from peg c to peg b
Move a disc from peg a to peg b
Move a disc from peg a to peg c
Move a disc from peg b to peg c
Move a disc from peg b to peg a
Move a disc from peg c to peg a
Move a disc from peg b to peg c
Move a disc from peg a to peg b
Move a disc from peg a to peg c
Move a disc from peg b to peg c
Move a disc from peg b to peg a
Move a disc from peg c to peg a
Move a disc from peg c to peg b
Move a disc from peg a to peg b
Move a disc from peg c to peg a
Move a disc from peg b to peg c
Move a disc from peg b to peg a
Move a disc from peg c to peg a
Move a disc from peg b to peg c
Move a disc from peg a to peg b
Move a disc from peg a to peg c
Move a disc from peg b to peg c
Move a disc from peg a to peg b
Move a disc from peg c to peg a
Move a disc from peg c to peg b
Move a disc from peg a to peg b
Move a disc from peg a to peg c
Move a disc from peg b to peg c
Move a disc from peg b to peg a
Move a disc from peg c to peg a
Move a disc from peg b to peg c
Move a disc from peg a to peg b
Move a disc from peg a to peg c
Move a disc from peg b to peg c
Move a disc from peg a to peg b
Move a disc from peg c to peg a
Move a disc from peg c to peg b
Move a disc from peg a to peg b
Move a disc from peg c to peg a
Move a disc from peg b to peg c
Move a disc from peg b to peg a
Move a disc from peg c to peg a
Move a disc from peg c to peg b
Move a disc from peg a to peg b
Move a disc from peg a to peg c
Move a disc from peg b to peg c
Move a disc from peg a to peg b
Move a disc from peg c to peg a
Move a disc from peg c to peg b
Move a disc from peg a to peg b
Move a disc from peg c to peg a
Move a disc from peg b to peg c
Move a disc from peg b to peg a
Move a disc from peg c to peg a
Move a disc from peg b to peg c
Move a disc from peg a to peg b
Move a disc from peg a to peg c
Move a disc from peg b to peg c
Move a disc from peg b to peg a
Move a disc from peg c to peg a
Move a disc from peg c to peg b
Move a disc from peg a to peg b
Move a disc from peg c to peg a
Move a disc from peg b to peg c
Move a disc from peg b to peg a
Move a disc from peg c to peg a
Move a disc from peg c to peg b
Move a disc from peg a to peg b
Move a disc from peg a to peg c
Move a disc from peg b to peg c
Move a disc from peg a to peg b
Move a disc from peg c to peg a
Move a disc from peg c to peg b
Move a disc from peg a to peg b
Move a disc from peg a to peg c
Move a disc from peg b to peg c
Move a disc from peg b to peg a
Move a disc from peg c to peg a
Move a disc from peg b to peg c
Move a disc from peg a to peg b
Move a disc from peg a to peg c
Move a disc from peg b to peg c
Move a disc from peg a to peg b
Move a disc from peg c to peg a
Move a disc from peg c to peg b
Move a disc from peg a to peg b
Move a disc from peg c to peg a
Move a disc from peg b to peg c
Move a disc from peg b to peg a
Move a disc from peg c to peg a
Move a disc from peg c to peg b
Move a disc from peg a to peg b
Move a disc from peg a to peg c
Move a disc from peg b to peg c
Move a disc from peg a to peg b
Move a disc from peg c to peg a
Move a disc from peg c to peg b
Move a disc from peg a to peg b
Move a disc from peg c to peg a
Move a disc from peg b to peg c
Move a disc from peg b to peg a
Move a disc from peg c to peg a
Move a disc from peg b to peg c
Move a disc from peg a to peg b
Move a disc from peg a to peg c
Move a disc from peg b to peg c
Move a disc from peg b to peg a
Move a disc from peg c to peg a
Move a disc from peg c to peg b
Move a disc from peg a to peg b
Move a disc from peg c to peg a
Move a disc from peg b to peg c
Move a disc from peg b to peg a
Move a disc from peg c to peg a
Move a disc from peg b to peg c
Move a disc from peg a to peg b
Move a disc from peg a to peg c
Move a disc from peg b to peg c
Move a disc from peg a to peg b
Move a disc from peg c to peg a
Move a disc from peg c to peg b
Move a disc from peg a to peg b
Move a disc from peg a to peg c
Move a disc from peg b to peg c
Move a disc from peg b to peg a
Move a disc from peg c to peg a
Move a disc from peg b to peg c
Move a disc from peg a to peg b
Move a disc from peg a to peg c
Move a disc from peg b to peg c
Move a disc from peg b to peg a
Move a disc from peg c to peg a
Move a disc from peg c to peg b
Move a disc from peg a to peg b
Move a disc from peg c to peg a
Move a disc from peg b to peg c
Move a disc from peg b to peg a
Move a disc from peg c to peg a
Move a disc from peg c to peg b
Move a disc from peg a to peg b
Move a disc from peg a to peg c
Move a disc from peg b to peg c
Move a disc from peg a to peg b
Move a disc from peg c to peg a
Move a disc from peg c to peg b
Move a disc from peg a to peg b
Move a disc from peg c to peg a
Move a disc from peg b to peg c
Move a disc from peg b to peg a
Move a disc from peg c to peg a
Move a disc from peg b to peg c
Move a disc from peg a to peg b
Move a disc from peg a to peg c
Move a disc from peg b to peg c
Move a disc from peg b to peg a
Move a disc from peg c to peg a
Move a disc from peg c to peg b
Move a disc from peg a to peg b
Move a disc from peg c to peg a
Move a disc from peg b to peg c
Move a disc from peg b to peg a
Move a disc from peg c to peg a
Move a disc from peg c to peg b
Move a disc from peg a to peg b
Move a disc from peg a to peg c
Move a disc from peg b to peg c
Move a disc from peg a to peg b
Move a disc from peg c to peg a
Move a disc from peg c to peg b
Move a disc from peg a to peg b
Move a disc from peg a to peg c
Move a disc from peg b to peg c
Move a disc from peg b to peg a
Move a disc from peg c to peg a
Move a disc from peg b to peg c
Move a disc from peg a to peg b
Move a disc from peg a to peg c
Move a disc from peg b to peg c
Move a disc from peg a to peg b
Move a disc from peg c to peg a
Move a disc from peg c to peg b
Move a disc from peg a to peg b
Move a disc from peg c to peg a
Move a disc from peg b to peg c
Move a disc from peg b to peg a
Move a disc from peg c to peg a
Move a disc from peg c to peg b
Move a disc from peg a to peg b
Move a disc from peg a to peg c
Move a disc from peg b to peg c
Move a disc from peg a to peg b
Move a disc from peg c to peg a
Move a disc from peg c to peg b
Move a disc from peg a to peg b
Move a disc from peg a to peg c
Move a disc from peg b to peg c
Move a disc from peg b to peg a
Move a disc from peg c to peg a
Move a disc from peg b to peg c
Move a disc from peg a to peg b
Move a disc from peg a to peg c
Move a disc from peg b to peg c
Move a disc from peg b to peg a
Move a disc from peg c to peg a
Move a disc from peg c to peg b
Move a disc from peg a to peg b
Move a disc from peg c to peg a
Move a disc from peg b to peg c
Move a disc from peg b to peg a
Move a disc from peg c to peg a
Move a disc from peg b to peg c
Move a disc from peg a to peg b
Move a disc from peg a to peg c
Move a disc from peg b to peg c
Move a disc from peg a to peg b
Move a disc from peg c to peg a
Move a disc from peg c to peg b
Move a disc from peg a to peg b
Move a disc from peg a to peg c
Move a disc from peg b to peg c
Move a disc from peg b to peg a
Move a disc from peg c to peg a
Move a disc from peg b to peg c
Move a disc from peg a to peg b
Move a disc from peg a to peg c
Move a disc from peg b to peg c
Move a disc from peg a to peg b
Move a disc from peg c to peg a
Move a disc from peg c to peg b
Move a disc from peg a to peg b
Move a disc from peg c to peg a
Move a disc from peg b to peg c
Move a disc from peg b to peg a
Move a disc from peg c to peg a
Move a disc from peg c to peg b
Move a disc from peg a to peg b
Move a disc from peg a to peg c
Move a disc from peg b to peg c
Move a disc from peg a to peg b
Move a disc from peg c to peg a
Move a disc from peg c to peg b
Move a disc from peg a to peg b
Move a disc from peg c to peg a
Move a disc from peg b to peg c
Move a disc from peg b to peg a
Move a disc from peg c to peg a
Move a disc from peg b to peg c
Move a disc from peg a to peg b
Move a disc from peg a to peg c
Move a disc from peg b to peg c
Move a disc from peg b to peg a
Move a disc from peg c to peg a
Move a disc from peg c to peg b
Move a disc from peg a to peg b
Move a disc from peg c to peg a
Move a disc from peg b to peg c
Move a disc from peg b to peg a
Move a disc from peg c to peg a
Move a disc from peg c to peg b
Move a disc from peg a to peg b
Move a disc from peg a to peg c
Move a disc from peg b to peg c
Move a disc from peg a to peg b
Move a disc from peg c to peg a
Move a disc from peg c to peg b
Move a disc from peg a to peg b
Move a disc from peg a to peg c
Move a disc from peg b to peg c
Move a disc from peg b to peg a
Move a disc from peg c to peg a
Move a disc from peg b to peg c
Move a disc from peg a to peg b
Move a disc from peg a to peg c
Move a disc from peg b to peg c
Move a disc from peg a to peg b
Move a disc from peg c to peg a
Move a disc from peg c to peg b
Move a disc from peg a to peg b
Move a disc from peg c to peg a
Move a disc from peg b to peg c
Move a disc from peg b to peg a
Move a disc from peg c to peg a
Move a disc from peg c to peg b
Move a disc from peg a to peg b
Move a disc from peg a to peg c
Move a disc from peg b to peg c
Move a disc from peg a to peg b
Move a disc from peg c to peg a
Move a disc from peg c to peg b
Move a disc from peg a to peg b
Move a disc from peg a to peg c
Move a disc from peg b to peg c
Move a disc from peg b to peg a
Move a disc from peg c to peg a
Move a disc from peg b to peg c
Move a disc from peg a to peg b
Move a disc from peg a to peg c
Move a disc from peg b to peg c
Move a disc from peg b to peg a
Move a disc from peg c to peg a
Move a disc from peg c to peg b
Move a disc from peg a to peg b
Move a disc from peg c to peg a
Move a disc from peg b to peg c
Move a disc from peg b to peg a
Move a disc from peg c to peg a
Move a disc from peg b to peg c
Move a disc from peg a to peg b
Move a disc from peg a to peg c
Move a disc from peg b to peg c
Move a disc from peg a to peg b
Move a disc from peg c to peg a
Move a disc from peg c to peg b
Move a disc from peg a to peg b
Move a disc from peg a to peg c
Move a disc from peg b to peg c
Move a disc from peg b to peg a
Move a disc from peg c to peg a
Move a disc from peg b to peg c
Move a disc from peg a to peg b
Move a disc from peg a to peg c
Move a disc from peg b to peg c
Move a disc from peg b to peg a
Move a disc from peg c to peg a
Move a disc from peg c to peg b
Move a disc from peg a to peg b
Move a disc from peg c to peg a
Move a disc from peg b to peg c
Move a disc from peg b to peg a
Move a disc from peg c to peg a
Move a disc from peg c to peg b
Move a disc from peg a to peg b
Move a disc from peg a to peg c
Move a disc from peg b to peg c
Move a disc from peg a to peg b
Move a disc from peg c to peg a
Move a disc from peg c to peg b
Move a disc from peg a to peg b
Move a disc from peg c to peg a
Move a disc from peg b to peg c
Move a disc from peg b to peg a
Move a disc from peg c to peg a
Move a disc from peg b to peg c
Move a disc from peg a to peg b
Move a disc from peg a to peg c
Move a disc from peg b to peg c
Move a disc from peg b to peg a
Move a disc from peg c to peg a
Move a disc from peg c to peg b
Move a disc from peg a to peg b
Move a disc from peg c to peg a
Move a disc from peg b to peg c
Move a disc from peg b to peg a
Move a disc from peg c to peg a
Move a disc from peg b to peg c
Move a disc from peg a to peg b
Move a disc from peg a to peg c
Move a disc from peg b to peg c
Move a disc from peg a to peg b
Move a disc from peg c to peg a
Move a disc from peg c to peg b
Move a disc from peg a to peg b
Move a disc from peg a to peg c
Move a disc from peg b to peg c
Move a disc from peg b to peg a
Move a disc from peg c to peg a
Move a disc from peg b to peg c
Move a disc from peg a to peg b
Move a disc from peg a to peg c
Move a disc from peg b to peg c
Move a disc from peg a to peg b
Move a disc from peg c to peg a
Move a disc from peg c to peg b
Move a disc from peg a to peg b
Move a disc from peg c to peg a
Move a disc from peg b to peg c
Move a disc from peg b to peg a
Move a disc from peg c to peg a
Move a disc from peg c to peg b
Move a disc from peg a to peg b
Move a disc from peg a to peg c
Move a disc from peg b to peg c
Move a disc from peg a to peg b
Move a disc from peg c to peg a
Move a disc from peg c to peg b
Move a disc from peg a to peg b
Move a disc from peg a to peg c
Move a disc from peg b to peg c
Move a disc from peg b to peg a
Move a disc from peg c to peg a
Move a disc from peg b to peg c
Move a disc from peg a to peg b
Move a disc from peg a to peg c
Move a disc from peg b to peg c
Move a disc from peg b to peg a
Move a disc from peg c to peg a
Move a disc from peg c to peg b
Move a disc from peg a to peg b
Move a disc from peg c to peg a
Move a disc from peg b to peg c
Move a disc from peg b to peg a
Move a disc from peg c to peg a
Move a disc from peg b to peg c
Move a disc from peg a to peg b
Move a disc from peg a to peg c
Move a disc from peg b to peg c
Move a disc from peg a to peg b
Move a disc from peg c to peg a
Move a disc from peg c to peg b
Move a disc from peg a to peg b
Move a disc from peg a to peg c
Move a disc from peg b to peg c
Move a disc from peg b to peg a
Move a disc from peg c to peg a
Move a disc from peg b to peg c
Move a disc from peg a to peg b
Move a disc from peg a to peg c
Move a disc from peg b to peg c
Move a disc from peg b to peg a
Move a disc from peg c to peg a
Move a disc from peg c to peg b
Move a disc from peg a to peg b
Move a disc from peg c to peg a
Move a disc from peg b to peg c
Move a disc from peg b to peg a
Move a disc from peg c to peg a
Move a disc from peg c to peg b
Move a disc from peg a to peg b
Move a disc from peg a to peg c
Move a disc from peg b to peg c
Move a disc from peg a to peg b
Move a disc from peg c to peg a
Move a disc from peg c to peg b
Move a disc from peg a to peg b
Move a disc from peg c to peg a
Move a disc from peg b to peg c
Move a disc from peg b to peg a
Move a disc from peg c to peg a
Move a disc from peg b to peg c
Move a disc from peg a to peg b
Move a disc from peg a to peg c
Move a disc from peg b to peg c
Move a disc from peg b to peg a
Move a disc from peg c to peg a
Move a disc from peg c to peg b
Move a disc from peg a to peg b
Move a disc from peg c to peg a
Move a disc from peg b to peg c
Move a disc from peg b to peg a
Move a disc from peg c to peg a
Move a disc from peg c to peg b
Move a disc from peg a to peg b
Move a disc from peg a to peg c
Move a disc from peg b to peg c
Move a disc from peg a to peg b
Move a disc from peg c to peg a
Move a disc from peg c to peg b
Move a disc from peg a to peg b
Move a disc from peg a to peg c
Move a disc from peg b to peg c
Move a disc from peg b to peg a
Move a disc from peg c to peg a
Move a disc from peg b to peg c
Move a disc from peg a to peg b
Move a disc from peg a to peg c
Move a disc from peg b to peg c
Move a disc from peg a to peg b
Move a disc from peg c to peg a
Move a disc from peg c to peg b
Move a disc from peg a to peg b
Move a disc from peg c to peg a
Move a disc from peg b to peg c
Move a disc from peg b to peg a
Move a disc from peg c to peg a
Move a disc from peg c to peg b
Move a disc from peg a to peg b
Move a disc from peg a to peg c
Move a disc from peg b to peg c
Move a disc from peg a to peg b
Move a disc from peg c to peg a
Move a disc from peg c to peg b
Move a disc from peg a to peg b
Move a disc from peg c to peg a
Move a disc from peg b to peg c
Move a disc from peg b to peg a
Move a disc from peg c to peg a
Move a disc from peg b to peg c
Move a disc from peg a to peg b
Move a disc from peg a to peg c
Move a disc from peg b to peg c
Move a disc from peg b to peg a
Move a disc from peg c to peg a
Move a disc from peg c to peg b
Move a disc from peg a to peg b
Move a disc from peg c to peg a
Move a disc from peg b to peg c
Move a disc from peg b to peg a
Move a disc from peg c to peg a
Move a disc from peg b to peg c
Move a disc from peg a to peg b
Move a disc from peg a to peg c
Move a disc from peg b to peg c
Move a disc from peg a to peg b
Move a disc from peg c to peg a
Move a disc from peg c to peg b
Move a disc from peg a to peg b
Move a disc from peg a to peg c
Move a disc from peg b to peg c
Move a disc from peg b to peg a
Move a disc from peg c to peg a
Move a disc from peg b to peg c
Move a disc from peg a to peg b
Move a disc from peg a to peg c
Move a disc from peg b to peg c
Move a disc from peg b to peg a
Move a disc from peg c to peg a
Move a disc from peg c to peg b
Move a disc from peg a to peg b
Move a disc from peg c to peg a
Move a disc from peg b to peg c
Move a disc from peg b to peg a
Move a disc from peg c to peg a
Move a disc from peg c to peg b
Move a disc from peg a to peg b
Move a disc from peg a to peg c
Move a disc from peg b to peg c
Move a disc from peg a to peg b
Move a disc from peg c to peg a
Move a disc from peg c to peg b
Move a disc from peg a to peg b
Move a disc from peg c to peg a
Move a disc from peg b to peg c
Move a disc from peg b to peg a
Move a disc from peg c to peg a
Move a disc from peg b to peg c
Move a disc from peg a to peg b
Move a disc from peg a to peg c
Move a disc from peg b to peg c
Move a disc from peg b to peg a
Move a disc from peg c to peg a
Move a disc from peg c to peg b
Move a disc from peg a to peg b
Move a disc from peg c to peg a
Move a disc from peg b to peg c
Move a disc from peg b to peg a
Move a disc from peg c to peg a
Move a disc from peg b to peg c
Move a disc from peg a to peg b
Move a disc from peg a to peg c
Move a disc from peg b to peg c
Move a disc from peg a to peg b
Move a disc from peg c to peg a
Move a disc from peg c to peg b
Move a disc from peg a to peg b
Move a disc from peg a to peg c
Move a disc from peg b to peg c
Move a disc from peg b to peg a
Move a disc from peg c to peg a
Move a disc from peg b to peg c
Move a disc from peg a to peg b
Move a disc from peg a to peg c
Move a disc from peg b to peg c
Move a disc from peg a to peg b
Move a disc from peg c to peg a
Move a disc from peg c to peg b
Move a disc from peg a to peg b
Move a disc from peg c to peg a
Move a disc from peg b to peg c
Move a disc from peg b to peg a
Move a disc from peg c to peg a
Move a disc from peg c to peg b
Move a disc from peg a to peg b
Move a disc from peg a to peg c
Move a disc from peg b to peg c
Move a disc from peg a to peg b
Move a disc from peg c to peg a
Move a disc from peg c to peg b
Move a disc from peg a to peg b
Move a disc from peg a to peg c
Move a disc from peg b to peg c
Move a disc from peg b to peg a
Move a disc from peg c to peg a
Move a disc from peg b to peg c
Move a disc from peg a to peg b
Move a disc from peg a to peg c
Move a disc from peg b to peg c
Move a disc from peg b to peg a
Move a disc from peg c to peg a
Move a disc from peg c to peg b
Move a disc from peg a to peg b
Move a disc from peg c to peg a
Move a disc from peg b to peg c
Move a disc from peg b to peg a
Move a disc from peg c to peg a
Move a disc from peg b to peg c
Move a disc from peg a to peg b
Move a disc from peg a to peg c
Move a disc from peg b to peg c
Move a disc from peg a to peg b
Move a disc from peg c to peg a
Move a disc from peg c to peg b
Move a disc from peg a to peg b
Move a disc from peg a to peg c
Move a disc from peg b to peg c
Move a disc from peg b to peg a
Move a disc from peg c to peg a
Move a disc from peg b to peg c
Move a disc from peg a to peg b
Move a disc from peg a to peg c
Move a disc from peg b to peg c
Move a disc from peg a to peg b
Move a disc from peg c to peg a
Move a disc from peg c to peg b
Move a disc from peg a to peg b
Move a disc from peg c to peg a
Move a disc from peg b to peg c
Move a disc from peg b to peg a
Move a disc from peg c to peg a
Move a disc from peg c to peg b
Move a disc from peg a to peg b
Move a disc from peg a to peg c
Move a disc from peg b to peg c
Move a disc from peg a to peg b
Move a disc from peg c to peg a
Move a disc from peg c to peg b
Move a disc from peg a to peg b
Move a disc from peg c to peg a
Move a disc from peg b to peg c
Move a disc from peg b to peg a
Move a disc from peg c to peg a
Move a disc from peg b to peg c
Move a disc from peg a to peg b
Move a disc from peg a to peg c
Move a disc from peg b to peg c
Move a disc from peg b to peg a
Move a disc from peg c to peg a
Move a disc from peg c to peg b
Move a disc from peg a to peg b
Move a disc from peg c to peg a
Move a disc from peg b to peg c
Move a disc from peg b to peg a
Move a disc from peg c to peg a
Move a disc from peg c to peg b
Move a disc from peg a to peg b
Move a disc from peg a to peg c
Move a disc from peg b to peg c
Move a disc from peg a to peg b
Move a disc from peg c to peg a
Move a disc from peg c to peg b
Move a disc from peg a to peg b
Move a disc from peg a to peg c
Move a disc from peg b to peg c
Move a disc from peg b to peg a
Move a disc from peg c to peg a
Move a disc from peg b to peg c
Move a disc from peg a to peg b
Move a disc from peg a to peg c
Move a disc from peg b to peg c
Move a disc from peg a to peg b
Move a disc from peg c to peg a
Move a disc from peg c to peg b
Move a disc from peg a to peg b
Move a disc from peg c to peg a
Move a disc from peg b to peg c
Move a disc from peg b to peg a
Move a disc from peg c to peg a
Move a disc from peg c to peg b
Move a disc from peg a to peg b
Move a disc from peg a to peg c
Move a disc from peg b to peg c
Move a disc from peg a to peg b
Move a disc from peg c to peg a
Move a disc from peg c to peg b
Move a disc from peg a to peg b
Move a disc from peg a to peg c
Move a disc from peg b to peg c
Move a disc from peg b to peg a
Move a disc from peg c to peg a
Move a disc from peg b to peg c
Move a disc from peg a to peg b
Move a disc from peg a to peg c
Move a disc from peg b to peg c
Move a disc from peg b to peg a
Move a disc from peg c to peg a
Move a disc from peg c to peg b
Move a disc from peg a to peg b
Move a disc from peg c to peg a
Move a disc from peg b to peg c
Move a disc from peg b to peg a
Move a disc from peg c to peg a
Move a disc from peg b to peg c
Move a disc from peg a to peg b
Move a disc from peg a to peg c
Move a disc from peg b to peg c
Move a disc from peg a to peg b
Move a disc from peg c to peg a
Move a disc from peg c to peg b
Move a disc from peg a to peg b
Move a disc from peg a to peg c
Move a disc from peg b to peg c
Move a disc from peg b to peg a
Move a disc from peg c to peg a
Move a disc from peg b to peg c
Move a disc from peg a to peg b
Move a disc from peg a to peg c
Move a disc from peg b to peg c
Move a disc from peg b to peg a
Move a disc from peg c to peg a
Move a disc from peg c to peg b
Move a disc from peg a to peg b
Move a disc from peg c to peg a
Move a disc from peg b to peg c
Move a disc from peg b to peg a
Move a disc from peg c to peg a
Move a disc from peg c to peg b
Move a disc from peg a to peg b
Move a disc from peg a to peg c
Move a disc from peg b to peg c
Move a disc from peg a to peg b
Move a disc from peg c to peg a
Move a disc from peg c to peg b
Move a disc from peg a to peg b
Move a disc from peg c to peg a
Move a disc from peg b to peg c
Move a disc from peg b to peg a
Move a disc from peg c to peg a
Move a disc from peg b to peg c
Move a disc from peg a to peg b
Move a disc from peg a to peg c
Move a disc from peg b to peg c
Move a disc from peg b to peg a
Move a disc from peg c to peg a
Move a disc from peg c to peg b
Move a disc from peg a to peg b
Move a disc from peg c to peg a
Move a disc from peg b to peg c
Move a disc from peg b to peg a
Move a disc from peg c to peg a
Move a disc from peg b to peg c
Move a disc from peg a to peg b
Move a disc from peg a to peg c
Move a disc from peg b to peg c
Move a disc from peg a to peg b
Move a disc from peg c to peg a
Move a disc from peg c to peg b
Move a disc from peg a to peg b
Move a disc from peg a to peg c
Move a disc from peg b to peg c
Move a disc from peg b to peg a
Move a disc from peg c to peg a
Move a disc from peg b to peg c
Move a disc from peg a to peg b
Move a disc from peg a to peg c
Move a disc from peg b to peg c
Move a disc from peg a to peg b
Move a disc from peg c to peg a
Move a disc from peg c to peg b
Move a disc from peg a to peg b
Move a disc from peg c to peg a
Move a disc from peg b to peg c
Move a disc from peg b to peg a
Move a disc from peg c to peg a
Move a disc from peg c to peg b
Move a disc from peg a to peg b
Move a disc from peg a to peg c
Move a disc from peg b to peg c
Move a disc from peg a to peg b
Move a disc from peg c to peg a
Move a disc from peg c to peg b
Move a disc from peg a to peg b
Move a disc from peg a to peg c
Move a disc from peg b to peg c
Move a disc from peg b to peg a
Move a disc from peg c to peg a
Move a disc from peg b to peg c
Move a disc from peg a to peg b
Move a disc from peg a to peg c
Move a disc from peg b to peg c
Move a disc from peg b to peg a
Move a disc from peg c to peg a
Move a disc from peg c to peg b
Move a disc from peg a to peg b
Move a disc from peg c to peg a
Move a disc from peg b to peg c
Move a disc from peg b to peg a
Move a disc from peg c to peg a
Move a disc from peg b to peg c
Move a disc from peg a to peg b
Move a disc from peg a to peg c
Move a disc from peg b to peg c
Move a disc from peg a to peg b
Move a disc from peg c to peg a
Move a disc from peg c to peg b
Move a disc from peg a to peg b
Move a disc from peg a to peg c
Move a disc from peg b to peg c
Move a disc from peg b to peg a
Move a disc from peg c to peg a
Move a disc from peg b to peg c
Move a disc from peg a to peg b
Move a disc from peg a to peg c
Move a disc from peg b to peg c
